CELL_START 3
{'notebook_source': {'repository': 'ast-audio-classification-pipeline', 'repository_revision': '666248b65f5d8e63fb3fca763447d22da1f70bd7', 'embedded_module': 'src/ast_audio_classification_pipeline/pipeline.py', 'embedded_modules': ['src/ast_audio_classification_pipeline/pipeline.py'], 'module_sha256': '746170ae96560ff754a378d81b8f612c7eddcb4abbb1551f1d1f4ad5c7be45a9', 'generator': 'build_notebook.py/2', 'notebook_spec': '1.1'}, 'python': '3.12.3', 'torch': '2.14.0+cu130', 'torchaudio': '2.11.0+cu130', 'transformers': '4.57.6', 'cuda': True}
CELL_FINISH 3 seconds=122.575 error=False
CELL_START 5
CELL_FINISH 5 seconds=0.006 error=False
CELL_START 7
{'model_id': 'MIT/ast-finetuned-audioset-10-10-0.4593', 'revision': 'f826b80d28226b62986cc218e5cec390b1096902', 'license': 'bsd-3-clause', 'files': 4, 'total_bytes': 346433173}
{'weights_dir': '/content/dimer-clean-gpu-tests/ast-audio-classification-pipeline/weights/ast-audioset', 'fetched': ['README.md', 'config.json', 'model.safetensors', 'preprocessor_config.json']}
{'verified_files': 4, 'revision': 'f826b80d28226b62986cc218e5cec390b1096902'}
{'device': 'cuda:0', 'source': 'local-snapshot'}
CELL_FINISH 7 seconds=10.522 error=False
CELL_START 9
{'sample_kind': 'synthetic', 'name': 'synthetic_sine_440hz_3s.wav', 'samples': 48000, 'sample_rate': 16000, 'dtype': 'float32', 'float32_sha256': 'b85c7734c1a3b61c4200575a6f2d5881389b0b552e535a42d119b39651c3056b'}
CELL_FINISH 9 seconds=0.014 error=False
CELL_START 11
{'ceilings': {'SAMPLE_RATE': 16000, 'MIN_AUDIO_SECONDS': 0.025, 'MAX_AUDIO_SECONDS': 10.24, 'MAX_INPUT_SECONDS': 120.0, 'NUM_LABELS': 527}}
{
  "schema": {
    "input": "1-D float numpy array of mono samples in [-1, 1], plus the sample_rate it was captured at",
    "sample_rate_hz": "any positive int; resampled to SAMPLE_RATE=16000 when it differs",
    "duration_seconds": [
      0.025,
      120.0
    ],
    "model_window_seconds": 10.24,
    "top_k": [
      1,
      527
    ],
    "preprocessing": "resample to 16000 Hz when needed, 128-bin Kaldi fbank with a 10 ms hop, pad or crop to 1024 frames (10.24 s)"
  },
  "inputs": [
    {
      "id": "synthetic_sine_440hz_3s.wav",
      "samples": 48000,
      "dtype": "float32",
      "duration_seconds": 3.0,
      "peak_amplitude": 0.5,
      "will_resample": false,
      "will_truncate": false
    }
  ],
  "sample_rate": 16000,
  "top_k": 5,
  "n_clips": 1,
  "verdict": "accepted",
  "findings": [
    {
      "input": "over-long-probe",
      "verdict": "rejected",
      "message": "audio is 121.00 s; ceiling is 120.0 s (chunk it first)"
    }
  ],
  "model_id": "MIT/ast-finetuned-audioset-10-10-0.4593",
  "model_revision": "f826b80d28226b62986cc218e5cec390b1096902"
}
CELL_FINISH 11 seconds=0.005 error=False
CELL_START 13
{'activation': 'sigmoid', 'truncated': False, 'resampled': False, 'duration_seconds': 3.0, 'window_seconds': 10.24, 'input_sample_rate': 16000, 'device': 'cuda:0'}
 1. index 501  score 0.8419  Sine wave
 2. index 393  score 0.0325  Dial tone
 3. index 503  score 0.0105  Chirp tone
 4. index 481  score 0.0097  Beep, bleep
 5. index 394  score 0.0073  Busy signal
CELL_FINISH 13 seconds=0.993 error=False
CELL_START 15
{
  "task": "multi-label audio event classification over the 527 AudioSet labels",
  "score_semantics": "independent sigmoid score per label: the scores do not sum to one, several labels can be high at once, none is a calibrated probability, and no threshold is shipped",
  "sample_kind": "synthetic",
  "n_clips": 1,
  "n_scored_labels": 5,
  "metrics": [],
  "baselines": [],
  "verdict": "not-measurable",
  "reason": "no AudioSet-labelled ground truth exists for the evaluated clip, and no metric helper is shipped",
  "needs": "clips labelled against the same 527-label AudioSet ontology, scored over the full score vector (predict(..., top_k=527)) with mean average precision plus per-label precision and recall at a threshold chosen on your own labelled clips; the '0.4593' in the checkpoint name is the upstream-reported AudioSet mAP and is not measured here",
  "truncated": false,
  "model_id": "MIT/ast-finetuned-audioset-10-10-0.4593",
  "model_revision": "f826b80d28226b62986cc218e5cec390b1096902"
}
No metric is computed: the pipeline ships no metric helper and the sample has no ground truth; the ranking above is sanity evidence only.
CELL_FINISH 15 seconds=0.001 error=False
CELL_START 17
['ast_audio_classification_evaluation_report.json', 'ast_audio_classification_input_manifest.json', 'ast_audio_classification_result.json', 'ast_audio_classification_top_k.csv']
CELL_FINISH 17 seconds=0.002 error=False
CLEAN_EXECUTION_RESULT passed
