[colab] Parsing notebook '/home/kurt/colab-runs/ast-audio-classification-pipeline-16eee39-39a084/ast_audio_classification_colab_16eee39_colab-cli-t4.ipynb'...
[colab] Executing cell 1/15 - Infrastructure: check the runtime and disk; create a fresh run directory...
{'gpu': 'Tesla T4, 15360 MiB', 'kernel_python': '3.13.15', 'run_directory': '/content/outputs/ast_audio_classification/322b15d2d44d', 'weights': '/content/weights', 'environment': '/tmp/ast_audio_classification_env_322b15d2d44d', 'free_gib': {'weights': 193.2, 'environment': 193.2}}
[colab] Executing cell 2/15 - Infrastructure: write and verify the carried package, stage runner, lock and manifests...
{'carried_files': 9, 'verified': True, 'repository': 'kurtvalcorza/ast-audio-classification-pipeline', 'revision': 'd20a47c1d65e88b5890fe608fe6e0d309e37c087', 'generator': 'build_notebook.py/3.0'}
[colab] Executing cell 3/15 - Infrastructure: install the locked runtime into an isolated environment and define the stage runner...
{'notebook_source': 'd20a47c1d65e88b5890fe608fe6e0d309e37c087', 'python': '3.12.12', 'torch': '2.14.0+cu130', 'torchaudio': '2.11.0+cu130', 'transformers': '4.57.6', 'cuda': True, 'locked_packages': 47, 'environment': '/tmp/ast_audio_classification_env_322b15d2d44d/venv', 'setup_seconds': 67}
[colab] Executing cell 4/15 - Infrastructure: stage and digest-verify the pinned snapshot...
Running stage 'weights' in the isolated environment; log: /content/outputs/ast_audio_classification/322b15d2d44d/logs/weights.log
{'model_id': 'MIT/ast-finetuned-audioset-10-10-0.4593', 'revision': 'f826b80d28226b62986cc218e5cec390b1096902', 'license': 'bsd-3-clause', 'files': 4, 'total_bytes': 346433173}
{'weights_dir': '/content/weights/ast-audioset', 'fetched': ['README.md', 'config.json', 'model.safetensors', 'preprocessor_config.json'], 'verified_files': 4, 'revision': 'f826b80d28226b62986cc218e5cec390b1096902'}
{'stage': 'weights', 'status': 'ok', 'seconds': 5.8}
[colab] Executing cell 5/15 - ast_audio_classification-18...
Running stage 'runtime' in the isolated environment; log: /content/outputs/ast_audio_classification/322b15d2d44d/logs/runtime.log
{'python': '3.12.12', 'torch': '2.14.0+cu130', 'torchaudio': '2.11.0+cu130', 'transformers': '4.57.6', 'versions_match_lock': True, 'device': 'cuda:0', 'ceilings': {'SAMPLE_RATE': 16000, 'MIN_AUDIO_SECONDS': 0.025, 'MAX_AUDIO_SECONDS': 10.24, 'MAX_INPUT_SECONDS': 120.0, 'NUM_LABELS': 527}}
{'stage': 'runtime', 'status': 'ok', 'seconds': 3.2}
[colab] Executing cell 6/15 - ast_audio_classification-20...
Running stage 'pretrained' in the isolated environment; log: /content/outputs/ast_audio_classification/322b15d2d44d/logs/pretrained.log
{'sample_kind': 'synthetic', 'name': 'synthetic_sine_440hz_3s.wav', 'samples': 48000, 'sample_rate': 16000, 'sha256': 'be7c8d33e0606949...', 'activation': 'sigmoid', 'truncated': False}
   1. index 501  score 0.8288  Sine wave
   2. index 393  score 0.0290  Dial tone
   3. index 394  score 0.0204  Busy signal
   4. index 481  score 0.0172  Beep, bleep
   5. index 503  score 0.0171  Chirp tone
{'stage': 'pretrained', 'status': 'ok', 'seconds': 9.2}
[colab] Executing cell 7/15 - ast_audio_classification-23...
Running stage 'dataset' in the isolated environment; log: /content/outputs/ast_audio_classification/322b15d2d44d/logs/dataset.log
{'dataset_kind': 'synthetic', 'records': 24, 'distinct_waveforms': 24, 'class_counts': {'geophony': 8, 'biophony': 8, 'anthrophony': 8}, 'verdict': 'accepted'}
{'refusal_probe': {'input': 'over-long-probe', 'verdict': 'rejected', 'message': 'audio is 121.00 s; ceiling is 120.0 s (chunk it first)'}}
{'stage': 'dataset', 'status': 'ok', 'seconds': 0.7}
[colab] Executing cell 8/15 - ast_audio_classification-26...
{'split': 'stratified, seeded (seed 42), 75% train / 25% held-out evaluation', 'train_clips': 18, 'evaluation_clips': 6, 'counts': {'train': {'geophony': 6, 'biophony': 6, 'anthrophony': 6}, 'evaluation': {'geophony': 2, 'biophony': 2, 'anthrophony': 2}}, 'train_evaluation_duplicates': 0}
evaluation clips: ['clip-011', 'clip-017', 'clip-012', 'clip-010', 'clip-009', 'clip-022']
[colab] Executing cell 9/15 - ast_audio_classification-29...
Running stage 'baseline' in the isolated environment; log: /content/outputs/ast_audio_classification/322b15d2d44d/logs/baseline.log
{'classes': ['geophony', 'biophony', 'anthrophony'], 'frozen_backbone_parameters': 86187264, 'trainable_parameters': 3843}
{'untrained_head_accuracy': 0.0, 'untrained_head_macro_f1': 0.0, 'majority_baseline': "always 'biophony' (fitted on train) -> accuracy 0.3333"}
{'stage': 'baseline', 'status': 'ok', 'seconds': 6.4}
[colab] Executing cell 10/15 - ast_audio_classification-32...
Running stage 'finetune' in the isolated environment; log: /content/outputs/ast_audio_classification/322b15d2d44d/logs/finetune.log
Epoch 1/5: train_loss=0.9809  evaluation_accuracy=1.0000  steps=5
Epoch 2/5: train_loss=0.1480  evaluation_accuracy=1.0000  steps=5
Epoch 3/5: train_loss=0.0334  evaluation_accuracy=1.0000  steps=5
Epoch 4/5: train_loss=0.0119  evaluation_accuracy=1.0000  steps=5
Epoch 5/5: train_loss=0.0059  evaluation_accuracy=1.0000  steps=5
{'adapter': 'ast-audio-adapter-v1.pt', 'bytes': 19103, 'sha256': '135c01e4aec82202...', 'contains': 'classifier head only (the frozen backbone is rebuilt from the pinned base revision)'}
{'stage': 'finetune', 'status': 'ok', 'seconds': 9.1}
[colab] Executing cell 11/15 - ast_audio_classification-35...
Running stage 'evaluate' in the isolated environment; log: /content/outputs/ast_audio_classification/322b15d2d44d/logs/evaluate.log
{'evaluation_clips': 6, 'accuracy': 1.0, 'macro_f1': 1.0, 'majority_baseline_accuracy': 0.3333, 'delta_vs_baseline': 0.6667, 'verdict': 'sample-sanity'}
Per class (precision / recall / F1 / support):
  geophony     1.0000 / 1.0000 / 1.0000 / 2
  biophony     1.0000 / 1.0000 / 1.0000 / 2
  anthrophony  1.0000 / 1.0000 / 1.0000 / 2
Confusion matrix (rows = true class, columns = predicted class): ['geophony', 'biophony', 'anthrophony']
  geophony     [2, 0, 0]
  biophony     [0, 2, 0]
  anthrophony  [0, 0, 2]
{'stage': 'evaluate', 'status': 'ok', 'seconds': 7.1}
[colab] Executing cell 12/15 - ast_audio_classification-38...
{'clip': 'unseen_synthetic_biophony_99', 'true_class': 'biophony', 'in_dataset': False, 'decision_rule': 'argmax'}
  1. biophony     uncalibrated softmax score 0.9718
  2. geophony     uncalibrated softmax score 0.0148
  3. anthrophony  uncalibrated softmax score 0.0134
[colab] Executing cell 13/15 - ast_audio_classification-41...
Running stage 'reload' in the isolated environment; log: /content/outputs/ast_audio_classification/322b15d2d44d/logs/reload.log
{'clips_compared': 7, 'scores_compared': 21, 'max_abs_score_difference': 0.0, 'predicted_labels_identical': True, 'rtol': 1e-05, 'atol': 1e-06, 'labels': ['geophony', 'biophony', 'anthrophony'], 'reload_verification': 'PASSED'}
{'stage': 'reload', 'status': 'ok', 'seconds': 6.5}
[colab] Executing cell 14/15 - ast_audio_classification-44...
Running stage 'bundle' in the isolated environment; log: /content/outputs/ast_audio_classification/322b15d2d44d/logs/bundle.log
{'outputs_directory': '/content/outputs/ast_audio_classification/322b15d2d44d/outputs', 'files': ['ast-audio-adapter-v1.pt', 'ast_audio_classification_evaluation_report.json', 'ast_audio_classification_input_manifest.json', 'ast_audio_classification_pre_adaptation.json', 'ast_audio_classification_pretrained.json', 'ast_audio_classification_reload_parity.json', 'ast_audio_classification_result.json', 'ast_audio_classification_split.json', 'ast_audio_classification_top_k.csv', 'ast_audio_classification_training_history.json', 'ast_audio_classification_unseen_prediction.json', 'runtime.json', 'weights.json']}
{'stage': 'bundle', 'status': 'ok', 'seconds': 0.1}
[colab] Executing cell 15/15 - ast_audio_classification-46...
{'activity': 'skipped (optional)', 'to_run': 'set RUN_ACTIVITY = True and an ACTIVITY_SNR_DB value, then run this cell'}
[colab] Saving notebook with outputs to '/home/kurt/colab-runs/ast-audio-classification-pipeline-16eee39-39a084/ast_audio_classification_colab_16eee39_colab-cli-t4_output.ipynb'...
